../Core/Src/bmp280.c:77:13:__reg_write	32	static
../Core/Src/bmp280.c:88:16:__reg_read	32	static
../Core/Src/bmp280.c:103:22:__reg_read_bulk	32	static
../Core/Src/bmp280.c:115:15:BMP280_Check	8	static
../Core/Src/bmp280.c:128:13:BMP280_Reset	8	static
../Core/Src/bmp280.c:134:16:BMP280_GetVersion	8	static
../Core/Src/bmp280.c:140:16:BMP280_GetStatus	8	static
../Core/Src/bmp280.c:146:16:BMP280_GetMode	8	static
../Core/Src/bmp280.c:154:6:BMP280_SetMode	24	static
../Core/Src/bmp280.c:164:6:BMP280_SetFilter	24	static
../Core/Src/bmp280.c:174:6:BMP280_SetStandby	24	static
../Core/Src/bmp280.c:184:6:BMP280_SetOSRST	24	static
../Core/Src/bmp280.c:194:6:BMP280_SetOSRSP	24	static
../Core/Src/bmp280.c:203:15:BMP280_Read_Calibration	8	static
../Core/Src/bmp280.c:214:15:BMP280_Read_UT	24	static
../Core/Src/bmp280.c:235:15:BMP280_Read_UP	24	static
../Core/Src/bmp280.c:257:15:BMP280_Read_UTP	24	static
../Core/Src/bmp280.c:279:9:BMP280_CalcT	16	static
../Core/Src/bmp280.c:311:10:BMP280_CalcP	344	static
../Core/Src/bmp280.c:390:10:BMP280_Pa_to_mmHg	64	static
