../Core/Src/main.c:130:5:main	8	static
../Core/Src/main.c:245:6:SystemClock_Config	88	static
../Core/Src/main.c:293:13:MX_ADC1_Init	24	static
../Core/Src/main.c:345:13:MX_I2C1_Init	8	static
../Core/Src/main.c:379:13:MX_SPI2_Init	8	static
../Core/Src/main.c:417:13:MX_TIM2_Init	64	static
../Core/Src/main.c:476:13:MX_USART2_UART_Init	8	static
../Core/Src/main.c:509:13:MX_GPIO_Init	48	static
../Core/Src/main.c:568:6:HAL_GPIO_EXTI_Callback	16	static
../Core/Src/main.c:581:6:StartDefaultTask	64	static
../Core/Src/main.c:651:6:StartReadSensorTask	24	static
../Core/Src/main.c:681:6:StartReadADCTask	24	static
../Core/Src/main.c:710:6:StartControlPWMTask	80	static
../Core/Src/main.c:744:6:HAL_TIM_PeriodElapsedCallback	16	static
../Core/Src/main.c:762:6:Error_Handler	4	static,ignoring_inline_asm
