../Core/Src/main.c:120:5:main	8	static
../Core/Src/main.c:229:6:SystemClock_Config	88	static
../Core/Src/main.c:277:13:MX_ADC1_Init	24	static
../Core/Src/main.c:329:13:MX_I2C1_Init	8	static
../Core/Src/main.c:363:13:MX_TIM2_Init	64	static
../Core/Src/main.c:422:13:MX_USART2_UART_Init	8	static
../Core/Src/main.c:455:13:MX_GPIO_Init	48	static
../Core/Src/main.c:494:6:HAL_GPIO_EXTI_Callback	16	static
../Core/Src/main.c:507:6:StartDefaultTask	80	static
../Core/Src/main.c:538:6:StartReadSensorTask	24	static
../Core/Src/main.c:570:6:StartReadADCTask	24	static
../Core/Src/main.c:596:6:StartControlPWMTask	80	static
../Core/Src/main.c:637:6:HAL_TIM_PeriodElapsedCallback	16	static
../Core/Src/main.c:655:6:Error_Handler	4	static,ignoring_inline_asm
